stm32f1xx_hal_adc.c:679:13:HAL_ADC_MspInit	0	static
stm32f1xx_hal_adc.c:693:13:HAL_ADC_MspDeInit	0	static
stm32f1xx_hal_adc.c:891:19:HAL_ADC_PollForConversion	32	static
stm32f1xx_hal_adc.c:1022:19:HAL_ADC_PollForEvent	24	static
stm32f1xx_hal_adc.c:1445:10:HAL_ADC_GetValue	0	static
stm32f1xx_hal_adc.c:1577:13:HAL_ADC_ConvCpltCallback	0	static
stm32f1xx_hal_adc.c:1992:6:ADC_DMAConvCplt	8	static
stm32f1xx_hal_adc.c:1591:13:HAL_ADC_ConvHalfCpltCallback	0	static
stm32f1xx_hal_adc.c:2035:6:ADC_DMAHalfConvCplt	8	static
stm32f1xx_hal_adc.c:1605:13:HAL_ADC_LevelOutOfWindowCallback	0	static
stm32f1xx_hal_adc.c:1462:6:HAL_ADC_IRQHandler	8	static
stm32f1xx_hal_adc.c:1620:13:HAL_ADC_ErrorCallback	0	static
stm32f1xx_hal_adc.c:2049:6:ADC_DMAError	8	static
stm32f1xx_hal_adc.c:1668:19:HAL_ADC_ConfigChannel	24	static
stm32f1xx_hal_adc.c:1778:19:HAL_ADC_AnalogWDGConfig	12	static
stm32f1xx_hal_adc.c:1864:10:HAL_ADC_GetState	0	static
stm32f1xx_hal_adc.c:1875:10:HAL_ADC_GetError	0	static
stm32f1xx_hal_adc.c:1899:19:ADC_Enable	24	static
stm32f1xx_hal_adc.c:734:19:HAL_ADC_Start	8	static
stm32f1xx_hal_adc.c:1071:19:HAL_ADC_Start_IT	8	static
stm32f1xx_hal_adc.c:1239:19:HAL_ADC_Start_DMA	24	static
stm32f1xx_hal_adc.c:1954:19:ADC_ConversionStop_Disable	16	static
stm32f1xx_hal_adc.c:340:19:HAL_ADC_Init	24	static
stm32f1xx_hal_adc.c:541:19:HAL_ADC_DeInit	16	static
stm32f1xx_hal_adc.c:847:19:HAL_ADC_Stop	8	static
stm32f1xx_hal_adc.c:1182:19:HAL_ADC_Stop_IT	8	static
stm32f1xx_hal_adc.c:1380:19:HAL_ADC_Stop_DMA	8	static
